[69662.getgiftcards.org/index.html]
[backblue.gif]
[fade.gif]
[index.html]
[i.imgur.com/gih1Rf7.png]
[ajax.googleapis.com/ajax/libs/jquery/1.11.1/jquery.min.js]
[69662.getgiftcards.org/indexc690.html]
[69662.getgiftcards.org/indexe129.html]
[getgiftcards.org/resources/plugins.js]
[69662.getgiftcards.org/index.html]
[69662.getgiftcards.org/index0249.html]
[69662.getgiftcards.org/indexb00d.html]
[69662.getgiftcards.org/index596f.html]
[69662.getgiftcards.org/index4f9e.html]
[i.imgur.com/j7Ub8Zr.3.delayed]
[69662.getgiftcards.org/indexc690.html]
[69662.getgiftcards.org/index35a8.html]
[69662.getgiftcards.org/indexe129.html]
[69662.getgiftcards.org/index12d8.html]
[69662.getgiftcards.org/index8937.html]
[69662.getgiftcards.org/index0249.html]
[69662.getgiftcards.org/indexe3a2.html]
[69662.getgiftcards.org/indexfd56.html]
[69662.getgiftcards.org/indexb00d.html]
[69662.getgiftcards.org/index596f.html]
[69662.getgiftcards.org/index4f9e.html]
[69662.getgiftcards.org/index35a8.html]
[69662.getgiftcards.org/index12d8.html]
[69662.getgiftcards.org/index8937.html]
[69662.getgiftcards.org/indexe3a2.html]
[69662.getgiftcards.org/indexfd56.html]
[69662.getgiftcards.org/indexc274.html]
[69662.getgiftcards.org/indexc274.html]
[69662.getgiftcards.org/index8e29.html]
[69662.getgiftcards.org/index8e29.html]
[69662.getgiftcards.org/index5af0.html]
[69662.getgiftcards.org/index5af0.html]
